// Jest Snapshot v1, https://goo.gl/fbAQLP

exports[`Navigation tests renders correctly 1`] = `
<div>
  <nav
    class="navigation"
  >
    <ul
      class="leftBar"
    >
      <li>
        <a
          href="/minelist"
        >
          Mine's
        </a>
      </li>
      <li>
        <a
          href="/moodchoosing"
        >
          Moods
        </a>
      </li>
      <li>
        <a
          href="/randomwalk"
        >
          Random Walk
        </a>
      </li>
    </ul>
    <ul
      class="rightBar"
    >
      <li
        id="home"
      >
        <a
          aria-current="page"
          class="active"
          href="/"
        >
          Home
        </a>
      </li>
      <li
        id="addNewArticle"
      >
        <a
          href="/addnewarticle"
        >
          Add New Article
        </a>
      </li>
    </ul>
  </nav>
</div>
`;
