// Jest Snapshot v1, https://goo.gl/fbAQLP

exports[`ArticleList tests renders correctly 1`] = `
<div>
  <div>
    <ul
      class="listContainer"
    >
      <li
        class="listItemContainer"
      >
        <img
          alt="Butter is back, just in time for the holidays's image"
          class="itemImage"
          src="https://cdn.cnn.com/cnnnext/dam/assets/181119170125-ploughgate-creamery-butter-ball-super-169.jpg"
        />
        <div
          class="itemTitle"
        >
          <a
            href="/articles/1"
          >
            Butter is back, just in time for the holidays
          </a>
        </div>
      </li>
      <li
        class="listItemContainer"
      >
        <img
          alt="Butter is back, just in time for the holidays's image"
          class="itemImage"
          src="https://cdn.cnn.com/cnnnext/dam/assets/181119170125-ploughgate-creamery-butter-ball-super-169.jpg"
        />
        <div
          class="itemTitle"
        >
          <a
            href="/articles/2"
          >
            Butter is back, just in time for the holidays
          </a>
        </div>
      </li>
    </ul>
  </div>
</div>
`;
