// Jest Snapshot v1, https://goo.gl/fbAQLP

exports[`ContactMe tests renders correctly 1`] = `
<div>
  <div>
    <div
      class="container"
    >
      <div
        class="header"
      >
        <nav
          class="navigation"
        >
          <ul
            class="leftBar"
          >
            <li>
              <a
                href="/minelist"
              >
                Mine's
              </a>
            </li>
            <li>
              <a
                href="/moodchoosing"
              >
                Moods
              </a>
            </li>
            <li>
              <a
                href="/randomwalk"
              >
                Random Walk
              </a>
            </li>
          </ul>
          <ul
            class="rightBar"
          >
            <li
              id="home"
            >
              <a
                aria-current="page"
                class="active"
                href="/"
              >
                Home
              </a>
            </li>
            <li
              id="addNewArticle"
            >
              <a
                href="/addnewarticle"
              >
                Add New Article
              </a>
            </li>
          </ul>
        </nav>
      </div>
      <div
        class="body"
      >
        <form
          class="form"
          id="messageForm"
        >
          <div
            class="left"
          >
            <input
              name="firstName"
              placeholder="First Name:"
              type="text"
            />
            <input
              name="lastName"
              placeholder="Last Name:"
              type="text"
            />
            <input
              name="email"
              placeholder="Email:"
              type="text"
            />
            <input
              class="button"
              type="submit"
            />
          </div>
          <textarea
            class="right"
            form="messageForm"
            name="message"
          >
             Enter message here...
          </textarea>
        </form>
      </div>
      <div
        class="footer"
      >
        <nav>
          <ul
            class="navigation"
          >
            <li
              id="aboutMe"
            >
              <a
                href="/aboutme"
              >
                About me
              </a>
            </li>
            <li
              id="contactMe"
            >
              <a
                href="/contactme"
              >
                Contact me
              </a>
            </li>
          </ul>
        </nav>
      </div>
    </div>
  </div>
</div>
`;
