// Jest Snapshot v1, https://goo.gl/fbAQLP

exports[`deleteData tests renders correctly 1`] = `<div />`;
