// Jest Snapshot v1, https://goo.gl/fbAQLP

exports[`postData tests renders correctly 1`] = `<div />`;
