// Jest Snapshot v1, https://goo.gl/fbAQLP

exports[`updateData tests renders correctly 1`] = `<div />`;
