// Jest Snapshot v1, https://goo.gl/fbAQLP

exports[`AboutMe tests renders correctly 1`] = `
<div>
  <div
    class="container"
  >
    <div
      class="header"
    >
      <nav
        class="navigation"
      >
        <ul
          class="leftBar"
        >
          <li>
            <a
              href="/minelist"
            >
              Mine's
            </a>
          </li>
          <li>
            <a
              href="/moodchoosing"
            >
              Moods
            </a>
          </li>
          <li>
            <a
              href="/randomwalk"
            >
              Random Walk
            </a>
          </li>
        </ul>
        <ul
          class="rightBar"
        >
          <li
            id="home"
          >
            <a
              aria-current="page"
              class="active"
              href="/"
            >
              Home
            </a>
          </li>
          <li
            id="addNewArticle"
          >
            <a
              href="/addnewarticle"
            >
              Add New Article
            </a>
          </li>
        </ul>
      </nav>
    </div>
    <div
      class="body"
    >
      <div
        class="bodyContainer"
      >
        <div
          class="textContainer"
        >
          <p>
            Hi, here is Canlin (Autumn) Jiang. 
          </p>
          <p>
            Thank you for being here. This website is a demo of a private personal article collection, which is similar to blogs, but mainly for collection.
          </p>
          <p>
            Me? I'm a graduate student learning Information System, but an aweful photographer as well, as you can feel on this website
          </p>
          <p>
            Interest? Coding, writing, and picturing. They are basically the same thing to me, creating
          </p>
          <p>
            More? Add my instagram 
            <a
              href="https://www.instagram.com/treee_autumnnn/"
            >
              here
            </a>
          </p>
        </div>
        <div
          class="imageContainer"
        />
      </div>
    </div>
    <div
      class="footer"
    >
      <nav>
        <ul
          class="navigation"
        >
          <li
            id="aboutMe"
          >
            <a
              href="/aboutme"
            >
              About me
            </a>
          </li>
          <li
            id="contactMe"
          >
            <a
              href="/contactme"
            >
              Contact me
            </a>
          </li>
        </ul>
      </nav>
    </div>
  </div>
</div>
`;
